// Jest Snapshot v1, https://goo.gl/fbAQLP

exports[`renders my card 1`] = `<myCard />`;
